------------------------------------------------------------
TimeQuest Timing Analyzer Summary
------------------------------------------------------------

Type  : Slow Model Setup 'Control_Unit:Controle|ULAControl[1]'
Slack : -10.533
TNS   : -88.111

Type  : Slow Model Setup 'KEY[1]'
Slack : -8.837
TNS   : -642.215

Type  : Slow Model Setup 'CLOCK_50'
Slack : -6.492
TNS   : -205.117

Type  : Slow Model Setup 'RomInstMem_init:Inst_Mem|altsyncram:altsyncram_component|altsyncram_mq81:auto_generated|ram_block1a0~porta_address_reg0'
Slack : -4.752
TNS   : -30.366

Type  : Slow Model Hold 'RomInstMem_init:Inst_Mem|altsyncram:altsyncram_component|altsyncram_mq81:auto_generated|ram_block1a0~porta_address_reg0'
Slack : -3.766
TNS   : -31.558

Type  : Slow Model Hold 'Control_Unit:Controle|ULAControl[1]'
Slack : -2.012
TNS   : -15.422

Type  : Slow Model Hold 'CLOCK_50'
Slack : -0.037
TNS   : -0.131

Type  : Slow Model Hold 'KEY[1]'
Slack : 0.917
TNS   : 0.000

Type  : Slow Model Minimum Pulse Width 'CLOCK_50'
Slack : -2.000
TNS   : -193.916

Type  : Slow Model Minimum Pulse Width 'KEY[1]'
Slack : -1.222
TNS   : -81.222

Type  : Slow Model Minimum Pulse Width 'RomInstMem_init:Inst_Mem|altsyncram:altsyncram_component|altsyncram_mq81:auto_generated|ram_block1a0~porta_address_reg0'
Slack : -0.779
TNS   : -54.438

Type  : Slow Model Minimum Pulse Width 'Control_Unit:Controle|ULAControl[1]'
Slack : 0.500
TNS   : 0.000

Type  : Fast Model Setup 'Control_Unit:Controle|ULAControl[1]'
Slack : -4.982
TNS   : -42.100

Type  : Fast Model Setup 'KEY[1]'
Slack : -4.186
TNS   : -306.901

Type  : Fast Model Setup 'CLOCK_50'
Slack : -2.775
TNS   : -68.513

Type  : Fast Model Setup 'RomInstMem_init:Inst_Mem|altsyncram:altsyncram_component|altsyncram_mq81:auto_generated|ram_block1a0~porta_address_reg0'
Slack : -2.130
TNS   : -10.767

Type  : Fast Model Hold 'RomInstMem_init:Inst_Mem|altsyncram:altsyncram_component|altsyncram_mq81:auto_generated|ram_block1a0~porta_address_reg0'
Slack : -2.019
TNS   : -16.964

Type  : Fast Model Hold 'Control_Unit:Controle|ULAControl[1]'
Slack : -1.249
TNS   : -10.065

Type  : Fast Model Hold 'CLOCK_50'
Slack : 0.115
TNS   : 0.000

Type  : Fast Model Hold 'KEY[1]'
Slack : 0.430
TNS   : 0.000

Type  : Fast Model Minimum Pulse Width 'CLOCK_50'
Slack : -2.000
TNS   : -193.916

Type  : Fast Model Minimum Pulse Width 'KEY[1]'
Slack : -1.222
TNS   : -81.222

Type  : Fast Model Minimum Pulse Width 'RomInstMem_init:Inst_Mem|altsyncram:altsyncram_component|altsyncram_mq81:auto_generated|ram_block1a0~porta_address_reg0'
Slack : -0.057
TNS   : -2.622

Type  : Fast Model Minimum Pulse Width 'Control_Unit:Controle|ULAControl[1]'
Slack : 0.500
TNS   : 0.000

------------------------------------------------------------
